#-----------------------------------------------------------
# Vivado v2024.1 (64-bit)
# SW Build 5076996 on Wed May 22 18:37:14 MDT 2024
# IP Build 5075265 on Wed May 22 21:45:21 MDT 2024
# SharedData Build 5076995 on Wed May 22 18:29:18 MDT 2024
# Start of session at: Fri Dec 12 23:02:36 2025
# Process ID: 19368
# Current directory: C:/Users/Andrei/OneDrive/Desktop/SSC/ethernet_communication/ethernet_communication.runs/impl_1
# Command line: vivado.exe -log top.vdi -applog -product Vivado -messageDb vivado.pb -mode batch -source top.tcl -notrace
# Log file: C:/Users/Andrei/OneDrive/Desktop/SSC/ethernet_communication/ethernet_communication.runs/impl_1/top.vdi
# Journal file: C:/Users/Andrei/OneDrive/Desktop/SSC/ethernet_communication/ethernet_communication.runs/impl_1\vivado.jou
# Running On        :DESKTOP-6F9KSH9
# Platform          :Windows Server 2016 or Windows 10
# Operating System  :26200
# Processor Detail  :12th Gen Intel(R) Core(TM) i5-1240P
# CPU Frequency     :2112 MHz
# CPU Physical cores:12
# CPU Logical cores :16
# Host memory       :16859 MB
# Swap memory       :12884 MB
# Total Virtual     :29743 MB
# Available Virtual :9503 MB
#-----------------------------------------------------------
source top.tcl -notrace
